
> svi-infra@0.0.0 build
> next build

▲ Next.js 16.2.9 (Turbopack)
- Environments: .env.local

  Creating an optimized production build ...
✓ Compiled successfully in 33.2s
  Skipping validation of types
  Finished TypeScript config validation in 155ms ...
  Collecting page data using 19 workers ...
⚠ Using edge runtime on a page currently disables static generation for that page
  Generating static pages using 19 workers (0/114) ...
  Generating static pages using 19 workers (28/114) 
  Generating static pages using 19 workers (56/114) 
  Generating static pages using 19 workers (85/114) 
✓ Generating static pages using 19 workers (114/114) in 3.6s
  Finalizing page optimization ...

Route (app)
┌ ○ /_not-found
├ ● /[locale]
│ ├ /en
│ └ /hi
├ ● /[locale]/about
│ ├ /en/about
│ └ /hi/about
├ ● /[locale]/admin/portal-allotments
│ ├ /en/admin/portal-allotments
│ └ /hi/admin/portal-allotments
├ ● /[locale]/blog
│ ├ /en/blog
│ └ /hi/blog
├ ● /[locale]/blog/[slug]
│ ├ /en/blog/top-5-real-estate-investment-tips
│ ├ /en/blog/jaipur-real-estate-market-trends
│ ├ /en/blog/smart-home-features-modern-living
│ └ [+3 more paths]
├ ● /[locale]/calculators
│ ├ /en/calculators
│ └ /hi/calculators
├ ● /[locale]/careers
│ ├ /en/careers
│ └ /hi/careers
├ ● /[locale]/contact
│ ├ /en/contact
│ └ /hi/contact
├ ● /[locale]/faq
│ ├ /en/faq
│ └ /hi/faq
├ ● /[locale]/grievance
│ ├ /en/grievance
│ └ /hi/grievance
├ ● /[locale]/leadership
│ ├ /en/leadership
│ └ /hi/leadership
├ ● /[locale]/login
│ ├ /en/login
│ └ /hi/login
├ ● /[locale]/lottery
│ ├ /en/lottery
│ └ /hi/lottery
├ ● /[locale]/payment
│ ├ /en/payment
│ └ /hi/payment
├ ● /[locale]/portal
│ ├ /en/portal
│ └ /hi/portal
├ ● /[locale]/portal/documents
│ ├ /en/portal/documents
│ └ /hi/portal/documents
├ ● /[locale]/portal/payments
│ ├ /en/portal/payments
│ └ /hi/portal/payments
├ ● /[locale]/portal/properties
│ ├ /en/portal/properties
│ └ /hi/portal/properties
├ ● /[locale]/portal/settings
│ ├ /en/portal/settings
│ └ /hi/portal/settings
├ ● /[locale]/privacy-policy
│ ├ /en/privacy-policy
│ └ /hi/privacy-policy
├ ƒ /[locale]/projects/[slug]
├ ● /[locale]/projects/completed
│ ├ /en/projects/completed
│ └ /hi/projects/completed
├ ● /[locale]/projects/current
│ ├ /en/projects/current
│ └ /hi/projects/current
├ ƒ /[locale]/registration
├ ● /[locale]/terms-conditions
│ ├ /en/terms-conditions
│ └ /hi/terms-conditions
├ ƒ /[locale]/thank-you
├ ○ /admin
├ ○ /admin/allotment-letter
├ ○ /admin/allotment-records
├ ○ /admin/attendance
├ ○ /admin/bba
├ ○ /admin/bba-records
├ ○ /admin/chat-logs
├ ○ /admin/dashboard
├ ○ /admin/email
├ ○ /admin/employees
├ ○ /admin/lottery
├ ○ /admin/notifications
├ ○ /admin/offer-letter
├ ○ /admin/offer-letter-records
├ ○ /admin/payment-plan
├ ○ /admin/payment-receipt
├ ○ /admin/payment-receipts
├ ○ /admin/portal-allotments
├ ○ /admin/properties
├ ○ /admin/registrations
├ ○ /admin/settings
├ ƒ /api/admin/activities
├ ƒ /api/admin/analytics
├ ƒ /api/admin/attendance/analytics
├ ƒ /api/admin/attendance/approve
├ ƒ /api/admin/attendance/records
├ ƒ /api/admin/attendance/records/pending
├ ƒ /api/admin/attendance/report
├ ƒ /api/admin/attendance/teams
├ ƒ /api/admin/attendance/teams/[id]
├ ƒ /api/admin/attendance/teams/[id]/members
├ ƒ /api/admin/attendance/teams/[id]/members/[userId]
├ ƒ /api/admin/campaigns
├ ƒ /api/admin/campaigns/[id]
├ ƒ /api/admin/campaigns/[id]/send
├ ƒ /api/admin/documents
├ ƒ /api/admin/documents/[id]
├ ƒ /api/admin/email
├ ƒ /api/admin/employees
├ ƒ /api/admin/employees/[id]
├ ƒ /api/admin/lottery/draw
├ ƒ /api/admin/lottery/schedule
├ ƒ /api/admin/notifications
├ ƒ /api/admin/notifications/[id]
├ ƒ /api/admin/properties
├ ƒ /api/admin/registrations
├ ƒ /api/admin/registrations/filters
├ ƒ /api/admin/settings
├ ƒ /api/admin/users
├ ƒ /api/admin/users/[id]
├ ƒ /api/chat
├ ƒ /api/chat/leads
├ ƒ /api/chat/log
├ ƒ /api/contact
├ ƒ /api/cron/campaigns
├ ƒ /api/cron/cleanup-registrations
├ ƒ /api/cron/lottery
├ ƒ /api/cron/process-scheduled-emails
├ ƒ /api/employee/attendance/check-in
├ ƒ /api/grievance
├ ƒ /api/lottery/schedule
├ ƒ /api/project-images
├ ƒ /api/properties
├ ƒ /api/registration
├ ƒ /api/webhooks/resend/incoming
├ ○ /attendance
├ ○ /employee/login
├ ƒ /opengraph-image
├ ○ /robots.txt
└ ○ /sitemap.xml


ƒ Proxy (Middleware)

○  (Static)   prerendered as static content
●  (SSG)      prerendered as static HTML (uses generateStaticParams)
ƒ  (Dynamic)  server-rendered on demand

